// Jest Snapshot v1, https://goo.gl/fbAQLP

exports[`App component renders without crashing 1`] = `
<div>
  <div
    className="select2-container"
  >
    <input
      className="select2-selected-text"
      onClick={[Function]}
      readOnly={true}
      type="text"
      value="Click to select"
    />
  </div>
  <div
    className="select2-container"
  >
    <input
      className="select2-selected-text"
      onClick={[Function]}
      readOnly={true}
      type="text"
      value="Click to select"
    />
  </div>
</div>
`;
